// Jest Snapshot v1, https://goo.gl/fbAQLP

exports[`Popup component testing with Enzyme renders without crashing 1`] = `ShallowWrapper {}`;
